[{"stream_name":"stdout","time":13.759142152,"data":"Loading data...\n"}
,{"stream_name":"stdout","time":39.807272158,"data":"Running candidate: lgbm_keep\n"}
,{"stream_name":"stdout","time":40.672445989,"data":"[LightGBM] [Info] Number of positive: 14538, number of negative: 398840\n"}
,{"stream_name":"stdout","time":40.829474938,"data":"[LightGBM] [Info] Auto-choosing row-wise multi-threading, the overhead of testing was 0.047987 seconds.\n"}
,{"stream_name":"stdout","time":40.829529778,"data":"You can set `force_row_wise=true` to remove the overhead.\n"}
,{"stream_name":"stdout","time":40.829534988,"data":"And if memory is not enough, you can set `force_col_wise=true`.\n"}
,{"stream_name":"stdout","time":40.831620387,"data":"[LightGBM] [Info] Total Bins 7003\n"}
,{"stream_name":"stdout","time":40.832208707,"data":"[LightGBM] [Info] Number of data points in the train set: 413378, number of used features: 44\n"}
,{"stream_name":"stdout","time":40.909949602,"data":"[LightGBM] [Info] [binary:BoostFromScore]: pavg=0.500000 -\u003e initscore=-0.000000\n"}
,{"stream_name":"stdout","time":40.910529182,"data":"[LightGBM] [Info] Start training from score -0.000000\n"}
,{"stream_name":"stdout","time":40.966293551,"data":"Training until validation scores don't improve for 80 rounds\n"}
,{"stream_name":"stdout","time":46.528379872,"data":"[100]\tvalid_0's average_precision: 0.473648\tvalid_0's binary_logloss: 0.328572\n"}
,{"stream_name":"stdout","time":51.154015605,"data":"[200]\tvalid_0's average_precision: 0.509453\tvalid_0's binary_logloss: 0.284117\n"}
,{"stream_name":"stdout","time":54.904546461,"data":"[300]\tvalid_0's average_precision: 0.523676\tvalid_0's binary_logloss: 0.261498\n"}
,{"stream_name":"stdout","time":58.230081509,"data":"[400]\tvalid_0's average_precision: 0.533339\tvalid_0's binary_logloss: 0.244541\n"}
,{"stream_name":"stdout","time":61.514329396,"data":"[500]\tvalid_0's average_precision: 0.539541\tvalid_0's binary_logloss: 0.230342\n"}
,{"stream_name":"stdout","time":64.795751353,"data":"[600]\tvalid_0's average_precision: 0.545609\tvalid_0's binary_logloss: 0.218999\n"}
,{"stream_name":"stdout","time":66.431120652,"data":"Did not meet early stopping. Best iteration is:\n"}
,{"stream_name":"stdout","time":66.431187942,"data":"[649]\tvalid_0's average_precision: 0.547415\tvalid_0's binary_logloss: 0.213414\n"}
,{"stream_name":"stdout","time":71.198802958,"data":"Running candidate: lgbm_keep_monitor\n"}
,{"stream_name":"stdout","time":72.146688653,"data":"[LightGBM] [Info] Number of positive: 14538, number of negative: 398840\n"}
,{"stream_name":"stdout","time":72.30970736,"data":"[LightGBM] [Info] Auto-choosing row-wise multi-threading, the overhead of testing was 0.045502 seconds.\n"}
,{"stream_name":"stdout","time":72.30974422,"data":"You can set `force_row_wise=true` to remove the overhead.\n"}
,{"stream_name":"stdout","time":72.309764511,"data":"And if memory is not enough, you can set `force_col_wise=true`.\n"}
,{"stream_name":"stdout","time":72.31068072,"data":"[LightGBM] [Info] Total Bins 8899\n"}
,{"stream_name":"stdout","time":72.31158106,"data":"[LightGBM] [Info] Number of data points in the train set: 413378, number of used features: 53\n"}
,{"stream_name":"stdout","time":72.433733866,"data":"[LightGBM] [Info] [binary:BoostFromScore]: pavg=0.500000 -\u003e initscore=-0.000000\n"}
,{"stream_name":"stdout","time":72.435281766,"data":"[LightGBM] [Info] Start training from score -0.000000\n"}
,{"stream_name":"stdout","time":72.498753863,"data":"Training until validation scores don't improve for 80 rounds\n"}
,{"stream_name":"stdout","time":78.44067193,"data":"[100]\tvalid_0's average_precision: 0.474774\tvalid_0's binary_logloss: 0.364771\n"}
,{"stream_name":"stdout","time":83.431903902,"data":"[200]\tvalid_0's average_precision: 0.51918\tvalid_0's binary_logloss: 0.308144\n"}
,{"stream_name":"stdout","time":87.243985225,"data":"[300]\tvalid_0's average_precision: 0.542575\tvalid_0's binary_logloss: 0.263259\n"}
,{"stream_name":"stdout","time":90.737066261,"data":"[400]\tvalid_0's average_precision: 0.554651\tvalid_0's binary_logloss: 0.234103\n"}
,{"stream_name":"stdout","time":94.140847666,"data":"[500]\tvalid_0's average_precision: 0.561628\tvalid_0's binary_logloss: 0.210246\n"}
,{"stream_name":"stdout","time":97.409365028,"data":"[600]\tvalid_0's average_precision: 0.569432\tvalid_0's binary_logloss: 0.189945\n"}
,{"stream_name":"stdout","time":99.098367975,"data":"Did not meet early stopping. Best iteration is:\n"}
,{"stream_name":"stdout","time":99.098426455,"data":"[649]\tvalid_0's average_precision: 0.573939\tvalid_0's binary_logloss: 0.182911\n"}
,{"stream_name":"stdout","time":103.71160005,"data":"Running candidate: xgb_keep_monitor\n"}
,{"stream_name":"stdout","time":138.757844049,"data":"Running candidate: cat_keep_monitor\n"}
,{"stream_name":"stdout","time":139.483923463,"data":"0:\tlearn: 0.8453162\ttest: 0.8279272\tbest: 0.8279272 (0)\ttotal: 167ms\tremaining: 1m 23s\n"}
,{"stream_name":"stdout","time":152.106238011,"data":"100:\tlearn: 0.9206519\ttest: 0.8919384\tbest: 0.8919384 (100)\ttotal: 12.8s\tremaining: 50.5s\n"}
,{"stream_name":"stdout","time":164.562892649,"data":"200:\tlearn: 0.9364860\ttest: 0.9037814\tbest: 0.9037814 (200)\ttotal: 25.2s\tremaining: 37.5s\n"}
,{"stream_name":"stdout","time":177.017253523,"data":"300:\tlearn: 0.9479119\ttest: 0.9123814\tbest: 0.9123814 (300)\ttotal: 37.7s\tremaining: 24.9s\n"}
,{"stream_name":"stdout","time":189.62468482,"data":"400:\tlearn: 0.9572035\ttest: 0.9191448\tbest: 0.9191448 (400)\ttotal: 50.3s\tremaining: 12.4s\n"}
,{"stream_name":"stdout","time":201.933564474,"data":"499:\tlearn: 0.9636667\ttest: 0.9242604\tbest: 0.9242604 (499)\ttotal: 1m 2s\tremaining: 0us\n"}
,{"stream_name":"stdout","time":201.934034484,"data":"\n"}
,{"stream_name":"stdout","time":201.934047053,"data":"bestTest = 0.9242604323\n"}
,{"stream_name":"stdout","time":201.934051593,"data":"bestIteration = 499\n"}
,{"stream_name":"stdout","time":201.934055944,"data":"\n"}
,{"stream_name":"stdout","time":203.771610822,"data":"V04 metrics:\n"}
,{"stream_name":"stdout","time":203.778068822,"data":"            model   split     segment  rows  fraud_rate   pr_auc  roc_auc\n"}
,{"stream_name":"stdout","time":203.778104392,"data":"        lgbm_keep   valid      global 88581    0.034341 0.547415 0.920925\n"}
,{"stream_name":"stdout","time":203.778110502,"data":"        lgbm_keep   valid   uid_known 40835    0.023313 0.522618 0.950015\n"}
,{"stream_name":"stdout","time":203.778123472,"data":"        lgbm_keep   valid uid_unknown 47746    0.043773 0.584279 0.902824\n"}
,{"stream_name":"stdout","time":203.778129352,"data":"        lgbm_keep holdout      global 88581    0.034804 0.500231 0.900067\n"}
,{"stream_name":"stdout","time":203.778134232,"data":"        lgbm_keep holdout   uid_known 29240    0.016997 0.413008 0.900606\n"}
,{"stream_name":"stdout","time":203.778139372,"data":"        lgbm_keep holdout uid_unknown 59341    0.043579 0.527829 0.893782\n"}
,{"stream_name":"stdout","time":203.778143942,"data":"lgbm_keep_monitor   valid      global 88581    0.034341 0.573939 0.923283\n"}
,{"stream_name":"stdout","time":203.778149032,"data":"lgbm_keep_monitor   valid   uid_known 40835    0.023313 0.627395 0.957803\n"}
,{"stream_name":"stdout","time":203.778176542,"data":"lgbm_keep_monitor   valid uid_unknown 47746    0.043773 0.574078 0.896740\n"}
,{"stream_name":"stdout","time":203.778180072,"data":"lgbm_keep_monitor holdout      global 88581    0.034804 0.513071 0.899636\n"}
,{"stream_name":"stdout","time":203.778183312,"data":"lgbm_keep_monitor holdout   uid_known 29240    0.016997 0.542524 0.915845\n"}
,{"stream_name":"stdout","time":203.778186632,"data":"lgbm_keep_monitor holdout uid_unknown 59341    0.043579 0.518081 0.884721\n"}
,{"stream_name":"stdout","time":203.778189712,"data":" xgb_keep_monitor   valid      global 88581    0.034341 0.550403 0.920139\n"}
,{"stream_name":"stdout","time":203.778193182,"data":" xgb_keep_monitor   valid   uid_known 40835    0.023313 0.530711 0.943899\n"}
,{"stream_name":"stdout","time":203.778195152,"data":" xgb_keep_monitor   valid uid_unknown 47746    0.043773 0.580726 0.902880\n"}
,{"stream_name":"stdout","time":203.778197132,"data":" xgb_keep_monitor holdout      global 88581    0.034804 0.512772 0.905540\n"}
,{"stream_name":"stdout","time":203.778199052,"data":" xgb_keep_monitor holdout   uid_known 29240    0.016997 0.492277 0.920137\n"}
,{"stream_name":"stdout","time":203.778201162,"data":" xgb_keep_monitor holdout uid_unknown 59341    0.043579 0.529582 0.894177\n"}
,{"stream_name":"stdout","time":203.778203092,"data":" cat_keep_monitor   valid      global 88581    0.034341 0.538279 0.917568\n"}
,{"stream_name":"stdout","time":203.778204992,"data":" cat_keep_monitor   valid   uid_known 40835    0.023313 0.489489 0.939552\n"}
,{"stream_name":"stdout","time":203.778206902,"data":" cat_keep_monitor   valid uid_unknown 47746    0.043773 0.571258 0.901724\n"}
,{"stream_name":"stdout","time":203.778208832,"data":" cat_keep_monitor holdout      global 88581    0.034804 0.498874 0.901987\n"}
,{"stream_name":"stdout","time":203.778210772,"data":" cat_keep_monitor holdout   uid_known 29240    0.016997 0.414835 0.909520\n"}
,{"stream_name":"stdout","time":203.778212732,"data":" cat_keep_monitor holdout uid_unknown 59341    0.043579 0.521776 0.893247\n"}
,{"stream_name":"stdout","time":203.778214672,"data":"V04 summary:\n"}
,{"stream_name":"stdout","time":203.780190482,"data":"            model kind   status  features  best_iteration  elapsed_seconds  train_cutoff  valid_cutoff\n"}
,{"stream_name":"stdout","time":203.780230492,"data":"        lgbm_keep lgbm complete        44             649        29.735066    10437998.1    13151846.0\n"}
,{"stream_name":"stdout","time":203.780234902,"data":"lgbm_keep_monitor lgbm complete        53             649        30.952800    10437998.1    13151846.0\n"}
,{"stream_name":"stdout","time":203.780238882,"data":" xgb_keep_monitor  xgb complete        53             500        33.554324    10437998.1    13151846.0\n"}
,{"stream_name":"stdout","time":203.780242492,"data":" cat_keep_monitor  cat complete        53             499        63.181563    10437998.1    13151846.0\n"}
,{"stream_name":"stdout","time":203.780246022,"data":"V04 complete.\n"}
,{"stream_name":"stderr","time":206.855978673,"data":"/usr/local/lib/python3.12/dist-packages/mistune.py:435: SyntaxWarning: invalid escape sequence '\\|'\n"}
,{"stream_name":"stderr","time":206.856038553,"data":"  cells[i][c] = re.sub('\\\\\\\\\\|', '|', cell)\n"}
,{"stream_name":"stderr","time":207.119104563,"data":"/usr/local/lib/python3.12/dist-packages/nbconvert/filters/filter_links.py:36: SyntaxWarning: invalid escape sequence '\\_'\n"}
,{"stream_name":"stderr","time":207.119136753,"data":"  text = re.sub(r'_', '\\_', text) # Escape underscores in display text\n"}
,{"stream_name":"stderr","time":207.849569888,"data":"[NbConvertApp] Converting notebook __script__.ipynb to html\n"}
,{"stream_name":"stderr","time":208.724862764,"data":"[NbConvertApp] Writing 365832 bytes to __results__.html\n"}
]